------------------------------------------------------------
TimeQuest Timing Analyzer Summary
------------------------------------------------------------

Type  : Slow 900mV 85C Model Setup 'core|ep_plus|epmap|wrapper|altpcie_hip_pipen1b_inst|stratix_iv.stratixiv_hssi_pcie_hip|coreclkout'
Slack : -0.001
TNS   : -0.001

Type  : Slow 900mV 85C Model Setup 'core|ep_plus|epmap|serdes|pcie_hip_s4gx_gen2_x4_128_serdes_alt4gxb_svoa_component|central_clk_div0|coreclkout'
Slack : 1.165
TNS   : 0.000

Type  : Slow 900mV 85C Model Setup 'core|reconfig_pll|altpll_component|auto_generated|pll1|clk[1]'
Slack : 7.387
TNS   : 0.000

Type  : Slow 900mV 85C Model Setup 'refclk~input~INSERTED_REFCLK_DIVIDER|clkout'
Slack : 7.954
TNS   : 0.000

Type  : Slow 900mV 85C Model Setup 'core|reconfig_pll|altpll_component|auto_generated|pll1|clk[0]'
Slack : 10.202
TNS   : 0.000

Type  : Slow 900mV 85C Model Setup 'n/a'
Slack : 12.045
TNS   : 0.000

Type  : Slow 900mV 85C Model Hold 'core|ep_plus|epmap|wrapper|altpcie_hip_pipen1b_inst|stratix_iv.stratixiv_hssi_pcie_hip|coreclkout'
Slack : 0.244
TNS   : 0.000

Type  : Slow 900mV 85C Model Hold 'refclk~input~INSERTED_REFCLK_DIVIDER|clkout'
Slack : 0.245
TNS   : 0.000

Type  : Slow 900mV 85C Model Hold 'core|reconfig_pll|altpll_component|auto_generated|pll1|clk[0]'
Slack : 0.281
TNS   : 0.000

Type  : Slow 900mV 85C Model Hold 'core|reconfig_pll|altpll_component|auto_generated|pll1|clk[1]'
Slack : 0.310
TNS   : 0.000

Type  : Slow 900mV 85C Model Hold 'core|ep_plus|epmap|serdes|pcie_hip_s4gx_gen2_x4_128_serdes_alt4gxb_svoa_component|central_clk_div0|coreclkout'
Slack : 0.486
TNS   : 0.000

Type  : Slow 900mV 85C Model Hold 'n/a'
Slack : 1.417
TNS   : 0.000

Type  : Slow 900mV 85C Model Recovery 'core|ep_plus|epmap|wrapper|altpcie_hip_pipen1b_inst|stratix_iv.stratixiv_hssi_pcie_hip|coreclkout'
Slack : 1.990
TNS   : 0.000

Type  : Slow 900mV 85C Model Recovery 'refclk~input~INSERTED_REFCLK_DIVIDER|clkout'
Slack : 8.873
TNS   : 0.000

Type  : Slow 900mV 85C Model Removal 'core|ep_plus|epmap|wrapper|altpcie_hip_pipen1b_inst|stratix_iv.stratixiv_hssi_pcie_hip|coreclkout'
Slack : 0.492
TNS   : 0.000

Type  : Slow 900mV 85C Model Removal 'refclk~input~INSERTED_REFCLK_DIVIDER|clkout'
Slack : 0.543
TNS   : 0.000

Type  : Slow 900mV 85C Model Minimum Pulse Width 'core|reconfig_pll|altpll_component|auto_generated|pll1|clk[0]'
Slack : 0.000
TNS   : 0.000

Type  : Slow 900mV 85C Model Minimum Pulse Width 'core|ep_plus|epmap|serdes|pcie_hip_s4gx_gen2_x4_128_serdes_alt4gxb_svoa_component|central_clk_div0|coreclkout'
Slack : 0.405
TNS   : 0.000

Type  : Slow 900mV 85C Model Minimum Pulse Width 'core|ep_plus|epmap|serdes|pcie_hip_s4gx_gen2_x4_128_serdes_alt4gxb_svoa_component|central_clk_div0|rateswitchbaseclock'
Slack : 0.834
TNS   : 0.000

Type  : Slow 900mV 85C Model Minimum Pulse Width 'core|ep_plus|epmap|wrapper|altpcie_hip_pipen1b_inst|stratix_iv.stratixiv_hssi_pcie_hip|coreclkout'
Slack : 3.224
TNS   : 0.000

Type  : Slow 900mV 85C Model Minimum Pulse Width 'core|reconfig_pll|altpll_component|auto_generated|pll1|clk[1]'
Slack : 3.423
TNS   : 0.000

Type  : Slow 900mV 85C Model Minimum Pulse Width 'refclk~input~INSERTED_REFCLK_DIVIDER|clkout'
Slack : 4.490
TNS   : 0.000

Type  : Slow 900mV 85C Model Minimum Pulse Width 'free_100MHz'
Slack : 4.969
TNS   : 0.000

Type  : Slow 900mV 85C Model Minimum Pulse Width 'refclk'
Slack : 5.000
TNS   : 0.000

Type  : Slow 900mV 0C Model Setup 'core|ep_plus|epmap|wrapper|altpcie_hip_pipen1b_inst|stratix_iv.stratixiv_hssi_pcie_hip|coreclkout'
Slack : 0.070
TNS   : 0.000

Type  : Slow 900mV 0C Model Setup 'core|ep_plus|epmap|serdes|pcie_hip_s4gx_gen2_x4_128_serdes_alt4gxb_svoa_component|central_clk_div0|coreclkout'
Slack : 1.207
TNS   : 0.000

Type  : Slow 900mV 0C Model Setup 'core|reconfig_pll|altpll_component|auto_generated|pll1|clk[1]'
Slack : 7.410
TNS   : 0.000

Type  : Slow 900mV 0C Model Setup 'refclk~input~INSERTED_REFCLK_DIVIDER|clkout'
Slack : 8.032
TNS   : 0.000

Type  : Slow 900mV 0C Model Setup 'core|reconfig_pll|altpll_component|auto_generated|pll1|clk[0]'
Slack : 10.242
TNS   : 0.000

Type  : Slow 900mV 0C Model Setup 'n/a'
Slack : 12.510
TNS   : 0.000

Type  : Slow 900mV 0C Model Hold 'core|ep_plus|epmap|wrapper|altpcie_hip_pipen1b_inst|stratix_iv.stratixiv_hssi_pcie_hip|coreclkout'
Slack : 0.223
TNS   : 0.000

Type  : Slow 900mV 0C Model Hold 'refclk~input~INSERTED_REFCLK_DIVIDER|clkout'
Slack : 0.235
TNS   : 0.000

Type  : Slow 900mV 0C Model Hold 'core|reconfig_pll|altpll_component|auto_generated|pll1|clk[0]'
Slack : 0.277
TNS   : 0.000

Type  : Slow 900mV 0C Model Hold 'core|reconfig_pll|altpll_component|auto_generated|pll1|clk[1]'
Slack : 0.303
TNS   : 0.000

Type  : Slow 900mV 0C Model Hold 'core|ep_plus|epmap|serdes|pcie_hip_s4gx_gen2_x4_128_serdes_alt4gxb_svoa_component|central_clk_div0|coreclkout'
Slack : 0.475
TNS   : 0.000

Type  : Slow 900mV 0C Model Hold 'n/a'
Slack : 1.402
TNS   : 0.000

Type  : Slow 900mV 0C Model Recovery 'core|ep_plus|epmap|wrapper|altpcie_hip_pipen1b_inst|stratix_iv.stratixiv_hssi_pcie_hip|coreclkout'
Slack : 2.371
TNS   : 0.000

Type  : Slow 900mV 0C Model Recovery 'refclk~input~INSERTED_REFCLK_DIVIDER|clkout'
Slack : 8.914
TNS   : 0.000

Type  : Slow 900mV 0C Model Removal 'core|ep_plus|epmap|wrapper|altpcie_hip_pipen1b_inst|stratix_iv.stratixiv_hssi_pcie_hip|coreclkout'
Slack : 0.475
TNS   : 0.000

Type  : Slow 900mV 0C Model Removal 'refclk~input~INSERTED_REFCLK_DIVIDER|clkout'
Slack : 0.518
TNS   : 0.000

Type  : Slow 900mV 0C Model Minimum Pulse Width 'core|reconfig_pll|altpll_component|auto_generated|pll1|clk[0]'
Slack : 0.000
TNS   : 0.000

Type  : Slow 900mV 0C Model Minimum Pulse Width 'core|ep_plus|epmap|serdes|pcie_hip_s4gx_gen2_x4_128_serdes_alt4gxb_svoa_component|central_clk_div0|coreclkout'
Slack : 0.396
TNS   : 0.000

Type  : Slow 900mV 0C Model Minimum Pulse Width 'core|ep_plus|epmap|serdes|pcie_hip_s4gx_gen2_x4_128_serdes_alt4gxb_svoa_component|central_clk_div0|rateswitchbaseclock'
Slack : 0.811
TNS   : 0.000

Type  : Slow 900mV 0C Model Minimum Pulse Width 'core|ep_plus|epmap|wrapper|altpcie_hip_pipen1b_inst|stratix_iv.stratixiv_hssi_pcie_hip|coreclkout'
Slack : 3.155
TNS   : 0.000

Type  : Slow 900mV 0C Model Minimum Pulse Width 'core|reconfig_pll|altpll_component|auto_generated|pll1|clk[1]'
Slack : 3.439
TNS   : 0.000

Type  : Slow 900mV 0C Model Minimum Pulse Width 'refclk~input~INSERTED_REFCLK_DIVIDER|clkout'
Slack : 4.488
TNS   : 0.000

Type  : Slow 900mV 0C Model Minimum Pulse Width 'free_100MHz'
Slack : 4.989
TNS   : 0.000

Type  : Slow 900mV 0C Model Minimum Pulse Width 'refclk'
Slack : 5.000
TNS   : 0.000

Type  : Fast 900mV 0C Model Setup 'core|ep_plus|epmap|wrapper|altpcie_hip_pipen1b_inst|stratix_iv.stratixiv_hssi_pcie_hip|coreclkout'
Slack : 0.700
TNS   : 0.000

Type  : Fast 900mV 0C Model Setup 'core|ep_plus|epmap|serdes|pcie_hip_s4gx_gen2_x4_128_serdes_alt4gxb_svoa_component|central_clk_div0|coreclkout'
Slack : 1.554
TNS   : 0.000

Type  : Fast 900mV 0C Model Setup 'core|reconfig_pll|altpll_component|auto_generated|pll1|clk[1]'
Slack : 7.670
TNS   : 0.000

Type  : Fast 900mV 0C Model Setup 'refclk~input~INSERTED_REFCLK_DIVIDER|clkout'
Slack : 8.885
TNS   : 0.000

Type  : Fast 900mV 0C Model Setup 'core|reconfig_pll|altpll_component|auto_generated|pll1|clk[0]'
Slack : 14.921
TNS   : 0.000

Type  : Fast 900mV 0C Model Setup 'n/a'
Slack : 14.945
TNS   : 0.000

Type  : Fast 900mV 0C Model Hold 'refclk~input~INSERTED_REFCLK_DIVIDER|clkout'
Slack : 0.133
TNS   : 0.000

Type  : Fast 900mV 0C Model Hold 'core|ep_plus|epmap|wrapper|altpcie_hip_pipen1b_inst|stratix_iv.stratixiv_hssi_pcie_hip|coreclkout'
Slack : 0.143
TNS   : 0.000

Type  : Fast 900mV 0C Model Hold 'core|reconfig_pll|altpll_component|auto_generated|pll1|clk[0]'
Slack : 0.149
TNS   : 0.000

Type  : Fast 900mV 0C Model Hold 'core|reconfig_pll|altpll_component|auto_generated|pll1|clk[1]'
Slack : 0.166
TNS   : 0.000

Type  : Fast 900mV 0C Model Hold 'core|ep_plus|epmap|serdes|pcie_hip_s4gx_gen2_x4_128_serdes_alt4gxb_svoa_component|central_clk_div0|coreclkout'
Slack : 0.263
TNS   : 0.000

Type  : Fast 900mV 0C Model Hold 'n/a'
Slack : 0.851
TNS   : 0.000

Type  : Fast 900mV 0C Model Recovery 'core|ep_plus|epmap|wrapper|altpcie_hip_pipen1b_inst|stratix_iv.stratixiv_hssi_pcie_hip|coreclkout'
Slack : 4.236
TNS   : 0.000

Type  : Fast 900mV 0C Model Recovery 'refclk~input~INSERTED_REFCLK_DIVIDER|clkout'
Slack : 9.369
TNS   : 0.000

Type  : Fast 900mV 0C Model Removal 'core|ep_plus|epmap|wrapper|altpcie_hip_pipen1b_inst|stratix_iv.stratixiv_hssi_pcie_hip|coreclkout'
Slack : 0.269
TNS   : 0.000

Type  : Fast 900mV 0C Model Removal 'refclk~input~INSERTED_REFCLK_DIVIDER|clkout'
Slack : 0.296
TNS   : 0.000

Type  : Fast 900mV 0C Model Minimum Pulse Width 'core|reconfig_pll|altpll_component|auto_generated|pll1|clk[0]'
Slack : 0.000
TNS   : 0.000

Type  : Fast 900mV 0C Model Minimum Pulse Width 'core|ep_plus|epmap|serdes|pcie_hip_s4gx_gen2_x4_128_serdes_alt4gxb_svoa_component|central_clk_div0|coreclkout'
Slack : 0.614
TNS   : 0.000

Type  : Fast 900mV 0C Model Minimum Pulse Width 'core|ep_plus|epmap|serdes|pcie_hip_s4gx_gen2_x4_128_serdes_alt4gxb_svoa_component|central_clk_div0|rateswitchbaseclock'
Slack : 0.901
TNS   : 0.000

Type  : Fast 900mV 0C Model Minimum Pulse Width 'core|ep_plus|epmap|wrapper|altpcie_hip_pipen1b_inst|stratix_iv.stratixiv_hssi_pcie_hip|coreclkout'
Slack : 3.192
TNS   : 0.000

Type  : Fast 900mV 0C Model Minimum Pulse Width 'core|reconfig_pll|altpll_component|auto_generated|pll1|clk[1]'
Slack : 3.623
TNS   : 0.000

Type  : Fast 900mV 0C Model Minimum Pulse Width 'refclk~input~INSERTED_REFCLK_DIVIDER|clkout'
Slack : 4.657
TNS   : 0.000

Type  : Fast 900mV 0C Model Minimum Pulse Width 'free_100MHz'
Slack : 4.706
TNS   : 0.000

Type  : Fast 900mV 0C Model Minimum Pulse Width 'refclk'
Slack : 5.000
TNS   : 0.000

------------------------------------------------------------
