------------------------------------------------------------
TimeQuest Timing Analyzer Summary
------------------------------------------------------------

Type  : Slow 900mV 85C Model Setup 'core|ep_plus|epmap|wrapper|altpcie_hip_pipen1b_inst|stratix_iv.stratixiv_hssi_pcie_hip|coreclkout'
Slack : 0.018
TNS   : 0.000

Type  : Slow 900mV 85C Model Setup 'core|ep_plus|epmap|serdes|pcie_hip_s4gx_gen2_x4_128_serdes_alt4gxb_svoa_component|central_clk_div0|coreclkout'
Slack : 1.253
TNS   : 0.000

Type  : Slow 900mV 85C Model Setup 'core|reconfig_pll|altpll_component|auto_generated|pll1|clk[1]'
Slack : 7.466
TNS   : 0.000

Type  : Slow 900mV 85C Model Setup 'refclk~input~INSERTED_REFCLK_DIVIDER|clkout'
Slack : 7.936
TNS   : 0.000

Type  : Slow 900mV 85C Model Setup 'core|reconfig_pll|altpll_component|auto_generated|pll1|clk[0]'
Slack : 10.002
TNS   : 0.000

Type  : Slow 900mV 85C Model Setup 'n/a'
Slack : 12.740
TNS   : 0.000

Type  : Slow 900mV 85C Model Hold 'core|ep_plus|epmap|wrapper|altpcie_hip_pipen1b_inst|stratix_iv.stratixiv_hssi_pcie_hip|coreclkout'
Slack : 0.212
TNS   : 0.000

Type  : Slow 900mV 85C Model Hold 'core|reconfig_pll|altpll_component|auto_generated|pll1|clk[1]'
Slack : 0.264
TNS   : 0.000

Type  : Slow 900mV 85C Model Hold 'core|reconfig_pll|altpll_component|auto_generated|pll1|clk[0]'
Slack : 0.266
TNS   : 0.000

Type  : Slow 900mV 85C Model Hold 'refclk~input~INSERTED_REFCLK_DIVIDER|clkout'
Slack : 0.313
TNS   : 0.000

Type  : Slow 900mV 85C Model Hold 'core|ep_plus|epmap|serdes|pcie_hip_s4gx_gen2_x4_128_serdes_alt4gxb_svoa_component|central_clk_div0|coreclkout'
Slack : 0.437
TNS   : 0.000

Type  : Slow 900mV 85C Model Hold 'n/a'
Slack : 1.387
TNS   : 0.000

Type  : Slow 900mV 85C Model Recovery 'core|ep_plus|epmap|wrapper|altpcie_hip_pipen1b_inst|stratix_iv.stratixiv_hssi_pcie_hip|coreclkout'
Slack : 2.515
TNS   : 0.000

Type  : Slow 900mV 85C Model Recovery 'refclk~input~INSERTED_REFCLK_DIVIDER|clkout'
Slack : 9.003
TNS   : 0.000

Type  : Slow 900mV 85C Model Removal 'core|ep_plus|epmap|wrapper|altpcie_hip_pipen1b_inst|stratix_iv.stratixiv_hssi_pcie_hip|coreclkout'
Slack : 0.501
TNS   : 0.000

Type  : Slow 900mV 85C Model Removal 'refclk~input~INSERTED_REFCLK_DIVIDER|clkout'
Slack : 0.517
TNS   : 0.000

Type  : Slow 900mV 85C Model Minimum Pulse Width 'core|reconfig_pll|altpll_component|auto_generated|pll1|clk[0]'
Slack : 0.000
TNS   : 0.000

Type  : Slow 900mV 85C Model Minimum Pulse Width 'core|ep_plus|epmap|serdes|pcie_hip_s4gx_gen2_x4_128_serdes_alt4gxb_svoa_component|central_clk_div0|coreclkout'
Slack : 0.419
TNS   : 0.000

Type  : Slow 900mV 85C Model Minimum Pulse Width 'core|ep_plus|epmap|serdes|pcie_hip_s4gx_gen2_x4_128_serdes_alt4gxb_svoa_component|central_clk_div0|rateswitchbaseclock'
Slack : 0.834
TNS   : 0.000

Type  : Slow 900mV 85C Model Minimum Pulse Width 'core|ep_plus|epmap|wrapper|altpcie_hip_pipen1b_inst|stratix_iv.stratixiv_hssi_pcie_hip|coreclkout'
Slack : 3.215
TNS   : 0.000

Type  : Slow 900mV 85C Model Minimum Pulse Width 'core|reconfig_pll|altpll_component|auto_generated|pll1|clk[1]'
Slack : 3.430
TNS   : 0.000

Type  : Slow 900mV 85C Model Minimum Pulse Width 'refclk~input~INSERTED_REFCLK_DIVIDER|clkout'
Slack : 4.486
TNS   : 0.000

Type  : Slow 900mV 85C Model Minimum Pulse Width 'free_100MHz'
Slack : 4.970
TNS   : 0.000

Type  : Slow 900mV 85C Model Minimum Pulse Width 'refclk'
Slack : 5.000
TNS   : 0.000

Type  : Slow 900mV 0C Model Setup 'core|ep_plus|epmap|wrapper|altpcie_hip_pipen1b_inst|stratix_iv.stratixiv_hssi_pcie_hip|coreclkout'
Slack : 0.091
TNS   : 0.000

Type  : Slow 900mV 0C Model Setup 'core|ep_plus|epmap|serdes|pcie_hip_s4gx_gen2_x4_128_serdes_alt4gxb_svoa_component|central_clk_div0|coreclkout'
Slack : 1.275
TNS   : 0.000

Type  : Slow 900mV 0C Model Setup 'core|reconfig_pll|altpll_component|auto_generated|pll1|clk[1]'
Slack : 7.481
TNS   : 0.000

Type  : Slow 900mV 0C Model Setup 'refclk~input~INSERTED_REFCLK_DIVIDER|clkout'
Slack : 8.019
TNS   : 0.000

Type  : Slow 900mV 0C Model Setup 'core|reconfig_pll|altpll_component|auto_generated|pll1|clk[0]'
Slack : 10.060
TNS   : 0.000

Type  : Slow 900mV 0C Model Setup 'n/a'
Slack : 13.116
TNS   : 0.000

Type  : Slow 900mV 0C Model Hold 'core|ep_plus|epmap|wrapper|altpcie_hip_pipen1b_inst|stratix_iv.stratixiv_hssi_pcie_hip|coreclkout'
Slack : 0.192
TNS   : 0.000

Type  : Slow 900mV 0C Model Hold 'core|reconfig_pll|altpll_component|auto_generated|pll1|clk[0]'
Slack : 0.259
TNS   : 0.000

Type  : Slow 900mV 0C Model Hold 'core|reconfig_pll|altpll_component|auto_generated|pll1|clk[1]'
Slack : 0.264
TNS   : 0.000

Type  : Slow 900mV 0C Model Hold 'refclk~input~INSERTED_REFCLK_DIVIDER|clkout'
Slack : 0.307
TNS   : 0.000

Type  : Slow 900mV 0C Model Hold 'core|ep_plus|epmap|serdes|pcie_hip_s4gx_gen2_x4_128_serdes_alt4gxb_svoa_component|central_clk_div0|coreclkout'
Slack : 0.425
TNS   : 0.000

Type  : Slow 900mV 0C Model Hold 'n/a'
Slack : 1.367
TNS   : 0.000

Type  : Slow 900mV 0C Model Recovery 'core|ep_plus|epmap|wrapper|altpcie_hip_pipen1b_inst|stratix_iv.stratixiv_hssi_pcie_hip|coreclkout'
Slack : 2.763
TNS   : 0.000

Type  : Slow 900mV 0C Model Recovery 'refclk~input~INSERTED_REFCLK_DIVIDER|clkout'
Slack : 9.040
TNS   : 0.000

Type  : Slow 900mV 0C Model Removal 'core|ep_plus|epmap|wrapper|altpcie_hip_pipen1b_inst|stratix_iv.stratixiv_hssi_pcie_hip|coreclkout'
Slack : 0.481
TNS   : 0.000

Type  : Slow 900mV 0C Model Removal 'refclk~input~INSERTED_REFCLK_DIVIDER|clkout'
Slack : 0.496
TNS   : 0.000

Type  : Slow 900mV 0C Model Minimum Pulse Width 'core|reconfig_pll|altpll_component|auto_generated|pll1|clk[0]'
Slack : 0.000
TNS   : 0.000

Type  : Slow 900mV 0C Model Minimum Pulse Width 'core|ep_plus|epmap|serdes|pcie_hip_s4gx_gen2_x4_128_serdes_alt4gxb_svoa_component|central_clk_div0|coreclkout'
Slack : 0.408
TNS   : 0.000

Type  : Slow 900mV 0C Model Minimum Pulse Width 'core|ep_plus|epmap|serdes|pcie_hip_s4gx_gen2_x4_128_serdes_alt4gxb_svoa_component|central_clk_div0|rateswitchbaseclock'
Slack : 0.811
TNS   : 0.000

Type  : Slow 900mV 0C Model Minimum Pulse Width 'core|ep_plus|epmap|wrapper|altpcie_hip_pipen1b_inst|stratix_iv.stratixiv_hssi_pcie_hip|coreclkout'
Slack : 3.162
TNS   : 0.000

Type  : Slow 900mV 0C Model Minimum Pulse Width 'core|reconfig_pll|altpll_component|auto_generated|pll1|clk[1]'
Slack : 3.434
TNS   : 0.000

Type  : Slow 900mV 0C Model Minimum Pulse Width 'refclk~input~INSERTED_REFCLK_DIVIDER|clkout'
Slack : 4.492
TNS   : 0.000

Type  : Slow 900mV 0C Model Minimum Pulse Width 'free_100MHz'
Slack : 4.989
TNS   : 0.000

Type  : Slow 900mV 0C Model Minimum Pulse Width 'refclk'
Slack : 5.000
TNS   : 0.000

Type  : Fast 900mV 0C Model Setup 'core|ep_plus|epmap|wrapper|altpcie_hip_pipen1b_inst|stratix_iv.stratixiv_hssi_pcie_hip|coreclkout'
Slack : 0.732
TNS   : 0.000

Type  : Fast 900mV 0C Model Setup 'core|ep_plus|epmap|serdes|pcie_hip_s4gx_gen2_x4_128_serdes_alt4gxb_svoa_component|central_clk_div0|coreclkout'
Slack : 1.589
TNS   : 0.000

Type  : Fast 900mV 0C Model Setup 'core|reconfig_pll|altpll_component|auto_generated|pll1|clk[1]'
Slack : 7.695
TNS   : 0.000

Type  : Fast 900mV 0C Model Setup 'refclk~input~INSERTED_REFCLK_DIVIDER|clkout'
Slack : 8.894
TNS   : 0.000

Type  : Fast 900mV 0C Model Setup 'core|reconfig_pll|altpll_component|auto_generated|pll1|clk[0]'
Slack : 14.766
TNS   : 0.000

Type  : Fast 900mV 0C Model Setup 'n/a'
Slack : 15.368
TNS   : 0.000

Type  : Fast 900mV 0C Model Hold 'core|ep_plus|epmap|wrapper|altpcie_hip_pipen1b_inst|stratix_iv.stratixiv_hssi_pcie_hip|coreclkout'
Slack : 0.131
TNS   : 0.000

Type  : Fast 900mV 0C Model Hold 'core|reconfig_pll|altpll_component|auto_generated|pll1|clk[0]'
Slack : 0.148
TNS   : 0.000

Type  : Fast 900mV 0C Model Hold 'core|reconfig_pll|altpll_component|auto_generated|pll1|clk[1]'
Slack : 0.153
TNS   : 0.000

Type  : Fast 900mV 0C Model Hold 'refclk~input~INSERTED_REFCLK_DIVIDER|clkout'
Slack : 0.164
TNS   : 0.000

Type  : Fast 900mV 0C Model Hold 'core|ep_plus|epmap|serdes|pcie_hip_s4gx_gen2_x4_128_serdes_alt4gxb_svoa_component|central_clk_div0|coreclkout'
Slack : 0.253
TNS   : 0.000

Type  : Fast 900mV 0C Model Hold 'n/a'
Slack : 0.875
TNS   : 0.000

Type  : Fast 900mV 0C Model Recovery 'core|ep_plus|epmap|wrapper|altpcie_hip_pipen1b_inst|stratix_iv.stratixiv_hssi_pcie_hip|coreclkout'
Slack : 4.601
TNS   : 0.000

Type  : Fast 900mV 0C Model Recovery 'refclk~input~INSERTED_REFCLK_DIVIDER|clkout'
Slack : 9.445
TNS   : 0.000

Type  : Fast 900mV 0C Model Removal 'core|ep_plus|epmap|wrapper|altpcie_hip_pipen1b_inst|stratix_iv.stratixiv_hssi_pcie_hip|coreclkout'
Slack : 0.272
TNS   : 0.000

Type  : Fast 900mV 0C Model Removal 'refclk~input~INSERTED_REFCLK_DIVIDER|clkout'
Slack : 0.284
TNS   : 0.000

Type  : Fast 900mV 0C Model Minimum Pulse Width 'core|reconfig_pll|altpll_component|auto_generated|pll1|clk[0]'
Slack : 0.000
TNS   : 0.000

Type  : Fast 900mV 0C Model Minimum Pulse Width 'core|ep_plus|epmap|serdes|pcie_hip_s4gx_gen2_x4_128_serdes_alt4gxb_svoa_component|central_clk_div0|coreclkout'
Slack : 0.623
TNS   : 0.000

Type  : Fast 900mV 0C Model Minimum Pulse Width 'core|ep_plus|epmap|serdes|pcie_hip_s4gx_gen2_x4_128_serdes_alt4gxb_svoa_component|central_clk_div0|rateswitchbaseclock'
Slack : 0.901
TNS   : 0.000

Type  : Fast 900mV 0C Model Minimum Pulse Width 'core|ep_plus|epmap|wrapper|altpcie_hip_pipen1b_inst|stratix_iv.stratixiv_hssi_pcie_hip|coreclkout'
Slack : 3.195
TNS   : 0.000

Type  : Fast 900mV 0C Model Minimum Pulse Width 'core|reconfig_pll|altpll_component|auto_generated|pll1|clk[1]'
Slack : 3.624
TNS   : 0.000

Type  : Fast 900mV 0C Model Minimum Pulse Width 'refclk~input~INSERTED_REFCLK_DIVIDER|clkout'
Slack : 4.655
TNS   : 0.000

Type  : Fast 900mV 0C Model Minimum Pulse Width 'free_100MHz'
Slack : 4.707
TNS   : 0.000

Type  : Fast 900mV 0C Model Minimum Pulse Width 'refclk'
Slack : 5.000
TNS   : 0.000

------------------------------------------------------------
