Flow report for pcie_top_example_chaining_top
Fri Apr 29 05:33:56 2011
Quartus II Version 10.1 Build 197 01/19/2011 Service Pack 1 SJ Full Version


---------------------
; Table of Contents ;
---------------------
  1. Legal Notice
  2. Flow Summary
  3. Flow Settings
  4. Flow Non-Default Global Settings
  5. Flow Elapsed Time
  6. Flow OS Summary
  7. Flow Log



----------------
; Legal Notice ;
----------------
Copyright (C) 1991-2011 Altera Corporation
Your use of Altera Corporation's design tools, logic functions 
and other software and tools, and its AMPP partner logic 
functions, and any output files from any of the foregoing 
(including device programming or simulation files), and any 
associated documentation or information are expressly subject 
to the terms and conditions of the Altera Program License 
Subscription Agreement, Altera MegaCore Function License 
Agreement, or other applicable license agreement, including, 
without limitation, that your use is for the sole purpose of 
programming logic devices manufactured by Altera and sold by 
Altera or its authorized distributors.  Please refer to the 
applicable agreement for further details.



+------------------------------------------------------------------------------------+
; Flow Summary                                                                       ;
+-----------------------------------+------------------------------------------------+
; Flow Status                       ; Successful - Fri Apr 29 05:33:56 2011          ;
; Quartus II Version                ; 10.1 Build 197 01/19/2011 SP 1 SJ Full Version ;
; Revision Name                     ; pcie_top_example_chaining_top                  ;
; Top-level Entity Name             ; pcie_top_example_chaining_top                  ;
; Family                            ; Stratix IV                                     ;
; Device                            ; EP4S100G2F40I2                                 ;
; Timing Models                     ; Final                                          ;
; Logic utilization                 ; 4 %                                            ;
;     Combinational ALUTs           ; 4,046 / 182,400 ( 2 % )                        ;
;     Memory ALUTs                  ; 61 / 91,200 ( < 1 % )                          ;
;     Dedicated logic registers     ; 5,485 / 182,400 ( 3 % )                        ;
; Total registers                   ; 5485                                           ;
; Total pins                        ; 54 / 798 ( 7 % )                               ;
; Total virtual pins                ; 0                                              ;
; Total block memory bits           ; 714,888 / 14,625,792 ( 5 % )                   ;
; DSP block 18-bit elements         ; 0 / 1,288 ( 0 % )                              ;
; Total GXB Receiver Channel PCS    ; 8 / 24 ( 33 % )                                ;
; Total GXB Receiver Channel PMA    ; 8 / 36 ( 22 % )                                ;
; Total GXB Transmitter Channel PCS ; 8 / 24 ( 33 % )                                ;
; Total GXB Transmitter Channel PMA ; 8 / 36 ( 22 % )                                ;
; Total PLLs                        ; 1 / 8 ( 13 % )                                 ;
; Total DLLs                        ; 0 / 4 ( 0 % )                                  ;
+-----------------------------------+------------------------------------------------+


+---------------------------------------------------+
; Flow Settings                                     ;
+-------------------+-------------------------------+
; Option            ; Setting                       ;
+-------------------+-------------------------------+
; Start date & time ; 04/29/2011 04:56:31           ;
; Main task         ; Compilation                   ;
; Revision Name     ; pcie_top_example_chaining_top ;
+-------------------+-------------------------------+


+-----------------------------------------------------------------------------------------------------------------------------------------------------------------------------------------+
; Flow Non-Default Global Settings                                                                                                                                                        ;
+-----------------------------------------+----------------------------------------------------------------------------------------------------+---------------+-------------+------------+
; Assignment Name                         ; Value                                                                                              ; Default Value ; Entity Name ; Section Id ;
+-----------------------------------------+----------------------------------------------------------------------------------------------------+---------------+-------------+------------+
; COMPILER_SIGNATURE_ID                   ; 17665486819601.130403859004048                                                                     ; --            ; --          ; --         ;
; ENABLE_CLOCK_LATENCY                    ; On                                                                                                 ; Off           ; --          ; --         ;
; ENABLE_RECOVERY_REMOVAL_ANALYSIS        ; On                                                                                                 ; Off           ; --          ; --         ;
; IP_TOOL_NAME                            ; PCI Express Compiler                                                                               ; --            ; --          ; --         ;
; IP_TOOL_VERSION                         ; 10.1                                                                                               ; --            ; --          ; --         ;
; MAX_CORE_JUNCTION_TEMP                  ; 100                                                                                                ; --            ; --          ; --         ;
; MIN_CORE_JUNCTION_TEMP                  ; 0                                                                                                  ; --            ; --          ; --         ;
; MISC_FILE                               ; ../../pci_express_compiler-library/altpcie_64b_x1_pipen1b.v                                        ; --            ; --          ; --         ;
; MISC_FILE                               ; ../../pci_express_compiler-library/altpcie_64b_x4_pipen1b.v                                        ; --            ; --          ; --         ;
; MISC_FILE                               ; ../../pci_express_compiler-library/altpcie_64b_x8_pipen1b.v                                        ; --            ; --          ; --         ;
; MISC_FILE                               ; ../../pci_express_compiler-library/altpcie_hip_256_pipen1b.v                                       ; --            ; --          ; --         ;
; MISC_FILE                               ; ../../pci_express_compiler-library/altpcie_hip_pipen1b.v                                           ; --            ; --          ; --         ;
; MISC_FILE                               ; ../../pci_express_compiler-library/altpcie_pclk_align.v                                            ; --            ; --          ; --         ;
; MISC_FILE                               ; ../../pci_express_compiler-library/altpcie_pclk_pll.v                                              ; --            ; --          ; --         ;
; MISC_FILE                               ; ../../pci_express_compiler-library/altpcie_phasefifo.v                                             ; --            ; --          ; --         ;
; MISC_FILE                               ; ../../pci_express_compiler-library/altpcie_pll_100_125.v                                           ; --            ; --          ; --         ;
; MISC_FILE                               ; ../../pci_express_compiler-library/altpcie_pll_100_250.v                                           ; --            ; --          ; --         ;
; MISC_FILE                               ; ../../pci_express_compiler-library/altpcie_pll_125_250.v                                           ; --            ; --          ; --         ;
; MISC_FILE                               ; ../../pci_express_compiler-library/altpcie_pll_15625_125.v                                         ; --            ; --          ; --         ;
; MISC_FILE                               ; ../../pci_express_compiler-library/altpcie_pll_250_100.v                                           ; --            ; --          ; --         ;
; MISC_FILE                               ; ../../pci_express_compiler-library/altpcie_pll_phy0.v                                              ; --            ; --          ; --         ;
; MISC_FILE                               ; ../../pci_express_compiler-library/altpcie_pll_phy1_62p5.v                                         ; --            ; --          ; --         ;
; MISC_FILE                               ; ../../pci_express_compiler-library/altpcie_pll_phy2.v                                              ; --            ; --          ; --         ;
; MISC_FILE                               ; ../../pci_express_compiler-library/altpcie_pll_phy3_62p5.v                                         ; --            ; --          ; --         ;
; MISC_FILE                               ; ../../pci_express_compiler-library/altpcie_pll_phy4_62p5.v                                         ; --            ; --          ; --         ;
; MISC_FILE                               ; ../../pci_express_compiler-library/altpcie_pll_phy5_62p5.v                                         ; --            ; --          ; --         ;
; MISC_FILE                               ; ../../pci_express_compiler-library/altpcie_reconfig_3cgx.v                                         ; --            ; --          ; --         ;
; MISC_FILE                               ; ../../pci_express_compiler-library/altpcie_reconfig_4sgx.v                                         ; --            ; --          ; --         ;
; MISC_FILE                               ; ../../pci_express_compiler-library/altpcie_rs_serdes.v                                             ; --            ; --          ; --         ;
; MISC_FILE                               ; ../../pci_express_compiler-library/altpcie_serdes_1sgx_x1_12500.v                                  ; --            ; --          ; --         ;
; MISC_FILE                               ; ../../pci_express_compiler-library/altpcie_serdes_1sgx_x1_15625.v                                  ; --            ; --          ; --         ;
; MISC_FILE                               ; ../../pci_express_compiler-library/altpcie_serdes_1sgx_x4_12500.v                                  ; --            ; --          ; --         ;
; MISC_FILE                               ; ../../pci_express_compiler-library/altpcie_serdes_1sgx_x4_15625.v                                  ; --            ; --          ; --         ;
; MISC_FILE                               ; ../../pci_express_compiler-library/altpcie_serdes_2agx_x1d_gen1_08p.v                              ; --            ; --          ; --         ;
; MISC_FILE                               ; ../../pci_express_compiler-library/altpcie_serdes_2agx_x1d_gen1_16p.v                              ; --            ; --          ; --         ;
; MISC_FILE                               ; ../../pci_express_compiler-library/altpcie_serdes_2agx_x4d_gen1_08p.v                              ; --            ; --          ; --         ;
; MISC_FILE                               ; ../../pci_express_compiler-library/altpcie_serdes_2agx_x4d_gen1_16p.v                              ; --            ; --          ; --         ;
; MISC_FILE                               ; ../../pci_express_compiler-library/altpcie_serdes_2agx_x8d_gen1_08p.v                              ; --            ; --          ; --         ;
; MISC_FILE                               ; ../../pci_express_compiler-library/altpcie_serdes_2sgx_x1d_10000.v                                 ; --            ; --          ; --         ;
; MISC_FILE                               ; ../../pci_express_compiler-library/altpcie_serdes_2sgx_x4d_10000.v                                 ; --            ; --          ; --         ;
; MISC_FILE                               ; ../../pci_express_compiler-library/altpcie_serdes_2sgx_x8d_10000.v                                 ; --            ; --          ; --         ;
; MISC_FILE                               ; ../../pci_express_compiler-library/altpcie_serdes_3cgx_x1d_gen1_08p.v                              ; --            ; --          ; --         ;
; MISC_FILE                               ; ../../pci_express_compiler-library/altpcie_serdes_3cgx_x1d_gen1_16p.v                              ; --            ; --          ; --         ;
; MISC_FILE                               ; ../../pci_express_compiler-library/altpcie_serdes_3cgx_x2d_gen1_08p.v                              ; --            ; --          ; --         ;
; MISC_FILE                               ; ../../pci_express_compiler-library/altpcie_serdes_3cgx_x4d_gen1_08p.v                              ; --            ; --          ; --         ;
; MISC_FILE                               ; ../../pci_express_compiler-library/altpcie_serdes_4sgx_x1d_gen1_08p.v                              ; --            ; --          ; --         ;
; MISC_FILE                               ; ../../pci_express_compiler-library/altpcie_serdes_4sgx_x1d_gen1_16p.v                              ; --            ; --          ; --         ;
; MISC_FILE                               ; ../../pci_express_compiler-library/altpcie_serdes_4sgx_x1d_gen2_08p.v                              ; --            ; --          ; --         ;
; MISC_FILE                               ; ../../pci_express_compiler-library/altpcie_serdes_4sgx_x4d_gen1_08p.v                              ; --            ; --          ; --         ;
; MISC_FILE                               ; ../../pci_express_compiler-library/altpcie_serdes_4sgx_x4d_gen1_16p.v                              ; --            ; --          ; --         ;
; MISC_FILE                               ; ../../pci_express_compiler-library/altpcie_serdes_4sgx_x4d_gen2_08p.v                              ; --            ; --          ; --         ;
; MISC_FILE                               ; ../../pci_express_compiler-library/altpcie_serdes_4sgx_x8d_gen1_08p.v                              ; --            ; --          ; --         ;
; MISC_FILE                               ; ../../pci_express_compiler-library/altpcie_serdes_4sgx_x8d_gen2_08p.v                              ; --            ; --          ; --         ;
; MISC_FILE                               ; ../../pci_express_compiler-library/pciexp64_dlink.v                                                ; --            ; --          ; --         ;
; MISC_FILE                               ; ../../pci_express_compiler-library/pciexp64_trans.v                                                ; --            ; --          ; --         ;
; MISC_FILE                               ; ../../pci_express_compiler-library/pciexpx8f_confctrl.v                                            ; --            ; --          ; --         ;
; MISC_FILE                               ; ../../pci_express_compiler-library/pciexp_dcram.v                                                  ; --            ; --          ; --         ;
; MISC_FILE                               ; ../../pcie_top.v                                                                                   ; --            ; --          ; --         ;
; MISC_FILE                               ; ../../pcie_top_core.v                                                                              ; --            ; --          ; --         ;
; MISC_FILE                               ; ../../pcie_top_core.vo                                                                             ; --            ; --          ; --         ;
; MISC_FILE                               ; ../../pcie_top_examples                                                                            ; --            ; --          ; --         ;
; MISC_FILE                               ; ../../pcie_top_examples/chaining_dma                                                               ; --            ; --          ; --         ;
; MISC_FILE                               ; ../../pcie_top_examples/chaining_dma/altpcie_dma_descriptor.v                                      ; --            ; --          ; --         ;
; MISC_FILE                               ; ../../pcie_top_examples/chaining_dma/altpcie_dma_dt.v                                              ; --            ; --          ; --         ;
; MISC_FILE                               ; ../../pcie_top_examples/chaining_dma/altpcie_dma_prg_reg.v                                         ; --            ; --          ; --         ;
; MISC_FILE                               ; ../../pcie_top_examples/chaining_dma/altpcie_rc_slave.v                                            ; --            ; --          ; --         ;
; MISC_FILE                               ; ../../pcie_top_examples/chaining_dma/altpcie_read_dma_requester.v                                  ; --            ; --          ; --         ;
; MISC_FILE                               ; ../../pcie_top_examples/chaining_dma/altpcie_write_dma_requester.v                                 ; --            ; --          ; --         ;
; MISC_FILE                               ; ../../pcie_top_examples/chaining_dma/altpcierd_example_app_chaining.v                              ; --            ; --          ; --         ;
; MISC_FILE                               ; ../../pcie_top_examples/chaining_dma/init_ram.hex                                                  ; --            ; --          ; --         ;
; MISC_FILE                               ; ../../pcie_top_examples/chaining_dma/init_ram.mif                                                  ; --            ; --          ; --         ;
; MISC_FILE                               ; ../../pcie_top_examples/chaining_dma/testbench                                                     ; --            ; --          ; --         ;
; MISC_FILE                               ; ../../pcie_top_examples/chaining_dma/testbench/altpcie_dma_dt_cst_sim.v                            ; --            ; --          ; --         ;
; MISC_FILE                               ; ../../pcie_top_examples/chaining_dma/testbench/altpcietb_bfm_driver_chaining.v                     ; --            ; --          ; --         ;
; MISC_FILE                               ; ../../pcie_top_examples/chaining_dma/testbench/init_ram.hex                                        ; --            ; --          ; --         ;
; MISC_FILE                               ; ../../pcie_top_examples/chaining_dma/testbench/init_ram.mif                                        ; --            ; --          ; --         ;
; MISC_FILE                               ; ../../pcie_top_examples/chaining_dma/testbench/runtb.bat                                           ; --            ; --          ; --         ;
; MISC_FILE                               ; ../../pcie_top_examples/chaining_dma/testbench/runtb.do                                            ; --            ; --          ; --         ;
; MISC_FILE                               ; ../../pcie_top_examples/chaining_dma/testbench/runtb.sh                                            ; --            ; --          ; --         ;
; MISC_FILE                               ; ../../pcie_top_examples/chaining_dma/testbench/sim_filelist                                        ; --            ; --          ; --         ;
; MISC_FILE                               ; ../../pcie_top_examples/chaining_dma/testbench/pcie_top_chaining_testbench.v                       ; --            ; --          ; --         ;
; MISC_FILE                               ; ../../pcie_top_examples/chaining_dma/pcie_top_example_chaining_pipen1b.v                           ; --            ; --          ; --         ;
; MISC_FILE                               ; ../../pcie_top_examples/chaining_dma/pcie_top_plus.v                                               ; --            ; --          ; --         ;
; MISC_FILE                               ; ../../pcie_top_examples/chaining_dma/pcie_top_rs_hip.v                                             ; --            ; --          ; --         ;
; MISC_FILE                               ; ../../pcie_top_examples/chaining_dma/pcie_top_example_chaining_top.qpf                             ; --            ; --          ; --         ;
; MISC_FILE                               ; ../../pcie_top_examples/chaining_dma/pcie_top_example_chaining_top.qsf                             ; --            ; --          ; --         ;
; MISC_FILE                               ; ../../pcie_top_examples/chaining_dma/pcie_top_example_chaining_top.tcl                             ; --            ; --          ; --         ;
; MISC_FILE                               ; ../../pcie_top_examples/chaining_dma/pcie_top_example_chaining_top.v                               ; --            ; --          ; --         ;
; MISC_FILE                               ; ../../pcie_top_examples/common                                                                     ; --            ; --          ; --         ;
; MISC_FILE                               ; ../../pcie_top_examples/common/testbench                                                           ; --            ; --          ; --         ;
; MISC_FILE                               ; ../../pcie_top_examples/incremental_compile_module                                                 ; --            ; --          ; --         ;
; MISC_FILE                               ; ../../pcie_top_examples/incremental_compile_module/altpcierd_icm_defines.v                         ; --            ; --          ; --         ;
; MISC_FILE                               ; ../../pcie_top_examples/incremental_compile_module/altpcierd_icm_fifo.v                            ; --            ; --          ; --         ;
; MISC_FILE                               ; ../../pcie_top_examples/incremental_compile_module/altpcierd_icm_fifo_lkahd.v                      ; --            ; --          ; --         ;
; MISC_FILE                               ; ../../pcie_top_examples/incremental_compile_module/altpcierd_icm_msibridge.v                       ; --            ; --          ; --         ;
; MISC_FILE                               ; ../../pcie_top_examples/incremental_compile_module/altpcierd_icm_npbypassctl.v                     ; --            ; --          ; --         ;
; MISC_FILE                               ; ../../pcie_top_examples/incremental_compile_module/altpcierd_icm_rx.v                              ; --            ; --          ; --         ;
; MISC_FILE                               ; ../../pcie_top_examples/incremental_compile_module/altpcierd_icm_rxbridge.v                        ; --            ; --          ; --         ;
; MISC_FILE                               ; ../../pcie_top_examples/incremental_compile_module/altpcierd_icm_sideband.v                        ; --            ; --          ; --         ;
; MISC_FILE                               ; ../../pcie_top_examples/incremental_compile_module/altpcierd_icm_top.v                             ; --            ; --          ; --         ;
; MISC_FILE                               ; ../../pcie_top_examples/incremental_compile_module/altpcierd_icm_tx.v                              ; --            ; --          ; --         ;
; MISC_FILE                               ; ../../pcie_top_examples/incremental_compile_module/altpcierd_icm_tx_pktordering.v                  ; --            ; --          ; --         ;
; MISC_FILE                               ; ../../pcie_top_examples/incremental_compile_module/altpcierd_icm_txbridge.v                        ; --            ; --          ; --         ;
; MISC_FILE                               ; ../../pcie_top_examples/incremental_compile_module/altpcierd_icm_txbridge_withbypass.v             ; --            ; --          ; --         ;
; MISC_FILE                               ; ../../pcie_top_examples/incremental_compile_module/pcie_top_icm.v                                  ; --            ; --          ; --         ;
; MISC_FILE                               ; ../../pcie_top_serdes.v                                                                            ; --            ; --          ; --         ;
; MISC_FILE                               ; ../../pcie_top.ppx                                                                                 ; --            ; --          ; --         ;
; MISC_FILE                               ; ../../pcie_top.ppf                                                                                 ; --            ; --          ; --         ;
; MISC_FILE                               ; ../../pcie_top.cmp                                                                                 ; --            ; --          ; --         ;
; MISC_FILE                               ; ../../pcie_top.bsf                                                                                 ; --            ; --          ; --         ;
; MISC_FILE                               ; ../../pcie_top.qip                                                                                 ; --            ; --          ; --         ;
; MISC_FILE                               ; ../../pcie_top.html                                                                                ; --            ; --          ; --         ;
; MISC_FILE                               ; M:/Projects/Altera/HTG_S4GT_PCI-E/pcie_top_examples/chaining_dma/pcie_top_example_chaining_top.dpf ; --            ; --          ; --         ;
; OPTIMIZATION_TECHNIQUE                  ; Speed                                                                                              ; Balanced      ; --          ; --         ;
; OPTIMIZE_MULTI_CORNER_TIMING            ; On                                                                                                 ; Off           ; --          ; --         ;
; PARTITION_COLOR                         ; 16764057                                                                                           ; --            ; --          ; Top        ;
; PARTITION_FITTER_PRESERVATION_LEVEL     ; PLACEMENT_AND_ROUTING                                                                              ; --            ; --          ; Top        ;
; PARTITION_NETLIST_TYPE                  ; SOURCE                                                                                             ; --            ; --          ; Top        ;
; PHYSICAL_SYNTHESIS_COMBO_LOGIC          ; On                                                                                                 ; Off           ; --          ; --         ;
; PHYSICAL_SYNTHESIS_REGISTER_DUPLICATION ; On                                                                                                 ; Off           ; --          ; --         ;
; PHYSICAL_SYNTHESIS_REGISTER_RETIMING    ; On                                                                                                 ; Off           ; --          ; --         ;
; SEARCH_PATH                             ; ../common/incremental_compile_module                                                               ; --            ; --          ; --         ;
; SEARCH_PATH                             ; ../..                                                                                              ; --            ; --          ; --         ;
; SEARCH_PATH                             ; ../../.                                                                                            ; --            ; --          ; --         ;
; SEARCH_PATH                             ; ../../pci_express_compiler-library                                                                 ; --            ; --          ; --         ;
+-----------------------------------------+----------------------------------------------------------------------------------------------------+---------------+-------------+------------+


+-------------------------------------------------------------------------------------------------------------------------------+
; Flow Elapsed Time                                                                                                             ;
+---------------------------+--------------+-------------------------+---------------------+------------------------------------+
; Module Name               ; Elapsed Time ; Average Processors Used ; Peak Virtual Memory ; Total CPU Time (on all processors) ;
+---------------------------+--------------+-------------------------+---------------------+------------------------------------+
; Analysis & Synthesis      ; 00:19:44     ; 1.0                     ; 472 MB              ; 00:19:05                           ;
; Fitter                    ; 00:14:32     ; 1.0                     ; 755 MB              ; 00:14:12                           ;
; TimeQuest Timing Analyzer ; 00:01:12     ; 1.0                     ; 471 MB              ; 00:00:59                           ;
; Assembler                 ; 00:02:08     ; 1.0                     ; 697 MB              ; 00:01:55                           ;
; Total                     ; 00:37:36     ; --                      ; --                  ; 00:36:11                           ;
+---------------------------+--------------+-------------------------+---------------------+------------------------------------+


+-----------------------------------------------------------------------------------------+
; Flow OS Summary                                                                         ;
+---------------------------+------------------+------------+------------+----------------+
; Module Name               ; Machine Hostname ; OS Name    ; OS Version ; Processor type ;
+---------------------------+------------------+------------+------------+----------------+
; Analysis & Synthesis      ; intellistation   ; Windows XP ; 5.1        ; i1586          ;
; Fitter                    ; intellistation   ; Windows XP ; 5.1        ; i1586          ;
; TimeQuest Timing Analyzer ; intellistation   ; Windows XP ; 5.1        ; i1586          ;
; Assembler                 ; intellistation   ; Windows XP ; 5.1        ; i1586          ;
+---------------------------+------------------+------------+------------+----------------+


------------
; Flow Log ;
------------
quartus_map --read_settings_files=on --write_settings_files=off pcie_top_example_chaining_top -c pcie_top_example_chaining_top
quartus_fit --read_settings_files=off --write_settings_files=off pcie_top_example_chaining_top -c pcie_top_example_chaining_top
quartus_sta pcie_top_example_chaining_top -c pcie_top_example_chaining_top
quartus_asm --read_settings_files=off --write_settings_files=off pcie_top_example_chaining_top -c pcie_top_example_chaining_top



